src/components/scene/ParticleScene.tsx(23,27): error TS2322: Type '{ children: Element; disableNormalPass: true; }' is not assignable to type 'IntrinsicAttributes & EffectComposerProps & RefAttributes<EffectComposer>'.
  Property 'disableNormalPass' does not exist on type 'IntrinsicAttributes & EffectComposerProps & RefAttributes<EffectComposer>'. Did you mean 'enableNormalPass'?
src/components/vision/HandTracker.tsx(31,24): error TS2554: Expected 1 arguments, but got 0.
